Erreur: paramètre ‘heure’ de l'option -t doit être un nombre entre 0 et 23 (bornes incluses).
Usage: analog [-e] [-t 0-23] [-g out.dot] in.log

