Erreur: option non reconnue ‘-X’.
Usage: analog [-e] [-t 0-23] [-g out.dot] in.log
