Erreur: impossible d'ouvrir le fichier d'entr√©e.
