Erreur: option non reconnue ‘-XYZ’.
Usage: analog [-e] [-t 0-23] [-g out.dot] in.log
