Erreur: impossible d'ouvrir le fichier de sortie.
