Erreur: argument manquant du nom de fichier d'entr√©e.
Usage: analog [-e] [-t 0-23] [-g out.dot] in.log
